// Jest Snapshot v1, https://goo.gl/fbAQLP

exports[`HomeErrorPostList - unit should render the component 1`] = `
[
  <View
    style={
      [
        {
          "flex": 1,
          "justifyContent": "center",
        },
      ]
    }
    testID="home-error-post-list"
  >
    <View
      style={
        [
          {
            "alignItems": "center",
            "gap": 4,
            "marginBottom": 24,
          },
        ]
      }
    >
      <Text
        selectionColor="#c7e7ea"
        style={
          [
            {
              "color": "#262626",
            },
            [
              {
                "fontSize": 18,
                "lineHeight": 25.2,
              },
              {
                "fontFamily": "PlusJakartaSans-Bold",
              },
              undefined,
            ],
          ]
        }
      >
        Oops! ðŸ™ˆ
      </Text>
      <Text
        selectionColor="#c7e7ea"
        style={
          [
            {
              "color": "#262626",
              "textAlign": "center",
            },
            [
              {
                "fontSize": 16,
                "lineHeight": 22.4,
              },
              {
                "fontFamily": "PlusJakartaSans-Regular",
              },
              undefined,
            ],
          ]
        }
      >
        NÃ£o foi possÃ­vel carregar os posts. Por favor, verifique sua conexÃ£o e tente novamente.
      </Text>
    </View>
    <View
      accessibilityState={
        {
          "busy": undefined,
          "checked": undefined,
          "disabled": undefined,
          "expanded": undefined,
          "selected": undefined,
        }
      }
      accessibilityValue={
        {
          "max": undefined,
          "min": undefined,
          "now": undefined,
          "text": undefined,
        }
      }
      accessible={true}
      collapsable={false}
      focusable={true}
      onClick={[Function]}
      onResponderGrant={[Function]}
      onResponderMove={[Function]}
      onResponderRelease={[Function]}
      onResponderTerminate={[Function]}
      onResponderTerminationRequest={[Function]}
      onStartShouldSetResponder={[Function]}
      style={
        {
          "alignItems": "center",
          "backgroundColor": "#017582",
          "borderRadius": 16,
          "height": 50,
          "justifyContent": "center",
          "opacity": 1,
          "paddingHorizontal": 20,
        }
      }
    >
      <Text
        selectionColor="#c7e7ea"
        style={
          [
            {
              "color": "#FFFFFF",
            },
            [
              {
                "fontSize": 16,
                "lineHeight": 22.4,
              },
              {
                "fontFamily": "PlusJakartaSans-Bold",
              },
              undefined,
            ],
          ]
        }
      >
        Tentar novamente
      </Text>
    </View>
  </View>,
  " ",
]
`;
