// Jest Snapshot v1, https://goo.gl/fbAQLP

exports[`HomeScreen - unit should render the componet 1`] = `
[
  <View
    onLayout={[Function]}
    style={
      [
        {
          "backgroundColor": "#fefefe",
          "flex": 1,
        },
        {
          "paddingBottom": 0,
        },
      ]
    }
    testID="screen-component"
  >
    <View
      style={
        {
          "backgroundColor": "#fefefe",
          "flex": 1,
        }
      }
    >
      <View
        style={
          [
            {
              "flex": 1,
              "justifyContent": "center",
            },
            [
              {
                "paddingBottom": 20,
                "paddingHorizontal": 24,
                "paddingTop": 20,
              },
              undefined,
            ],
          ]
        }
      >
        <View
          style={
            [
              {
                "alignItems": "center",
                "justifyContent": "center",
              },
            ]
          }
        >
          <ActivityIndicator
            color="#017582"
            size={48}
            testID="activity-indicator-component"
          />
        </View>
      </View>
    </View>
  </View>,
  " ",
]
`;
